// Jest Snapshot v1, https://goo.gl/fbAQLP

exports[`Avatar component renders correctly 1`] = `
<div
  className="c-avatar  kGqdWm"
>
  <img
    className="c-image lazy-image gGwVwM"
    data-src="image.png"
    src="image.png"
  />
</div>
`;
